---
source: crates/zizmor/tests/integration/snapshot.rs
expression: "zizmor().input(input_under_test(\"anonymous-definition.yml\")).run()?"
---
help[anonymous-definition]: workflow or action definitions without a name
  --> @@INPUT@@:1:1
   |
 1 | / # see https://github.com/zizmorcore/zizmor/issues/795
 2 | |
...  |
19 | |     steps:
20 | |       - run: "echo this job will trigger"
   | |__________________________________________- help: this workflow
   |
   = note: audit confidence â†’ High

2 findings (1 suppressed): 0 unknown, 0 informational, 1 low, 0 medium, 0 high
